help.are
kavir.are
limbo.are
fortress.are
plains.are
ofcol2.are
forest.are
olympus.are
air.are
hitower.are
gnome.are
wyvern.are
catacomb.are
hood.are
draconia.are
mahntor.are
ultima.are
trollden.are
firenewt.are
midgaard.are
chapel.are
midennir.are
grave.are
school.are
moria.are
juargan.are
eastern.are
drow.are
thalos.are
mirror.are
ofcol.are
arachnos.are
daycare.are
sewer.are
astral.are
valley.are
mega1.are
atlantis.are
dream.are
marsh.are
dylan.are
canyon.are
galaxy.are
mobfact.are
doom.are
eoeasy.are
dragon2.are
dragonheart.are
sunyata.are
eohard.are
pyramid.are
start.are
quest.are
Vallanda.are
weed.are
hell.are
heaven.are
dystopia.are
dawnjobo.are
classeq.are
domeship.are
disney.are
classhq.are
willaz1.are
workshop.are
jatr1.are
palmer.are
jungle.are
den.are
zarius.are
area75.are
kingone.are
area77.are
area78.are
area79.are
area80.are
area81.are
area82.are
area83.are
area84.are
mobprogs.are
area85.are
darklady.are
crypt.are
deathgld.are
darthae.are
tportal.are
undertun.are
area89.are
applwood.are
sigil.are
classes.are
arena.are
area92.are
$
